  TimeWindow  Iteration  ResRel(Displacement)  ResRel(Velocity)  ResAbs(Traction)  ResRel(Displacement)  ResRel(Velocity)  ResAbs(Traction)
     1       1              inf              inf   7.99360578e-15              inf              inf   3.99680289e-15
     2       1              inf              inf   0.00000000e+00              inf              inf   0.00000000e+00
     3       1              inf              inf   0.00000000e+00              inf              inf   0.00000000e+00
     4       1              inf              inf   0.00000000e+00              inf              inf   0.00000000e+00
     5       1              inf              inf   0.00000000e+00              inf              inf   0.00000000e+00
     6       1              inf              inf   0.00000000e+00              inf              inf   0.00000000e+00
     7       1              inf              inf   0.00000000e+00              inf              inf   0.00000000e+00
     8       1              inf              inf   0.00000000e+00              inf              inf   0.00000000e+00
     9       1              inf              inf   0.00000000e+00              inf              inf   0.00000000e+00
    10       1              inf              inf   0.00000000e+00              inf              inf   0.00000000e+00
    11       1              inf              inf   0.00000000e+00              inf              inf   0.00000000e+00
    12       1              inf              inf   0.00000000e+00              inf              inf   0.00000000e+00
    13       1              inf              inf   0.00000000e+00              inf              inf   0.00000000e+00
    14       1              inf              inf   0.00000000e+00              inf              inf   0.00000000e+00
    15       1              inf              inf   2.56214585e-09              inf              inf   0.00000000e+00
    16       1              inf              inf   3.46117077e-12              inf              inf   0.00000000e+00
    17       1              inf              inf   6.92502813e-12              inf              inf   0.00000000e+00
    18       1              inf              inf   1.03852827e-11              inf              inf   0.00000000e+00
    19       1              inf              inf   2.55448460e-09              inf              inf   0.00000000e+00
    20       1              inf              inf   2.07045917e-11              inf              inf   0.00000000e+00
    21       1              inf              inf   2.75601231e-11              inf              inf   0.00000000e+00
    22       1              inf              inf   2.62391033e-09              inf              inf   0.00000000e+00
    23       1              inf              inf   4.47599235e-11              inf              inf   0.00000000e+00
    24       1              inf              inf   5.51048155e-11              inf              inf   0.00000000e+00
    25       1              inf              inf   3.54608637e-09              inf              inf   0.00000000e+00
    26       1              inf              inf   8.01565998e-11              inf              inf   0.00000000e+00
    27       1              inf              inf   2.19624763e-09              inf              inf   0.00000000e+00
    28       1              inf              inf   1.12912311e-10              inf              inf   0.00000000e+00
    29       1              inf              inf   3.58881328e-09              inf              inf   0.00000000e+00
    30       1              inf              inf   1.52813130e-10              inf              inf   0.00000000e+00
    31       1              inf              inf   2.33801596e-09              inf              inf   0.00000000e+00
    32       1              inf              inf   2.00600300e-10              inf              inf   0.00000000e+00
    33       1              inf              inf   4.65788761e-09              inf              inf   0.00000000e+00
    34       1              inf              inf   2.57071205e-10              inf              inf   0.00000000e+00
    35       1              inf              inf   2.41618620e-09              inf              inf   0.00000000e+00
    36       1              inf              inf   2.68687302e-09              inf              inf   0.00000000e+00
    37       1              inf              inf   1.86123619e-09              inf              inf   0.00000000e+00
    38       1              inf              inf   1.94552602e-09              inf              inf   0.00000000e+00
    39       1              inf              inf   2.01906912e-09              inf              inf   0.00000000e+00
    40       1              inf              inf   2.00554835e-09              inf              inf   0.00000000e+00
    41       1              inf              inf   2.05992673e-09              inf              inf   0.00000000e+00
    42       1              inf              inf   2.07164243e-09              inf              inf   0.00000000e+00
    43       1              inf              inf   2.09305449e-09              inf              inf   0.00000000e+00
    44       1              inf              inf   2.08772632e-09              inf              inf   0.00000000e+00
    45       1              inf              inf   2.08927044e-09              inf              inf   0.00000000e+00
    46       1              inf              inf   2.07719028e-09              inf              inf   0.00000000e+00
    47       1              inf              inf   2.03492891e-09              inf              inf   0.00000000e+00
    48       1              inf              inf   1.99772292e-09              inf              inf   0.00000000e+00
    49       1              inf              inf   1.93976146e-09              inf              inf   0.00000000e+00
    50       1              inf              inf   1.88166790e-09              inf              inf   0.00000000e+00
    51       1              inf              inf   1.82010721e-09              inf              inf   0.00000000e+00
    52       1              inf              inf   1.76280735e-09              inf              inf   0.00000000e+00
    53       1              inf              inf   1.71062678e-09              inf              inf   0.00000000e+00
    54       1              inf              inf   1.68715530e-09              inf              inf   0.00000000e+00
    55       1              inf              inf   1.68389479e-09              inf              inf   0.00000000e+00
    56       1              inf              inf   1.72814542e-09              inf              inf   0.00000000e+00
    57       1              inf              inf   1.81511285e-09              inf              inf   0.00000000e+00
    58       1              inf              inf   1.95615684e-09              inf              inf   0.00000000e+00
    59       1              inf              inf   2.14434557e-09              inf              inf   0.00000000e+00
    60       1              inf              inf   2.39466285e-09              inf              inf   0.00000000e+00
    61       1              inf              inf   2.68017549e-09              inf              inf   0.00000000e+00
    62       1              inf              inf   3.01205013e-09              inf              inf   0.00000000e+00
    63       1              inf              inf   3.37667083e-09              inf              inf   0.00000000e+00
    64       1              inf              inf   3.78505767e-09              inf              inf   0.00000000e+00
    65       1              inf              inf   4.22575810e-09              inf              inf   0.00000000e+00
    66       1              inf              inf   4.68885820e-09              inf              inf   0.00000000e+00
    67       1              inf              inf   5.19121512e-09              inf              inf   0.00000000e+00
    68       1              inf              inf   5.71746436e-09              inf              inf   0.00000000e+00
    69       1              inf              inf   6.27132741e-09              inf              inf   0.00000000e+00
    70       1              inf              inf   6.85301008e-09              inf              inf   0.00000000e+00
    71       1              inf              inf   7.45482311e-09              inf              inf   0.00000000e+00
    72       1              inf              inf   8.09251972e-09              inf              inf   0.00000000e+00
    73       1              inf              inf   8.73910933e-09              inf              inf   0.00000000e+00
    74       1              inf              inf   9.41816264e-09              inf              inf   0.00000000e+00
    75       1              inf              inf   1.01263677e-08              inf              inf   0.00000000e+00
    76       1              inf              inf   1.08347761e-08              inf              inf   0.00000000e+00
    77       1              inf              inf   1.15859770e-08              inf              inf   0.00000000e+00
    78       1              inf              inf   1.23594632e-08              inf              inf   0.00000000e+00
    79       1              inf              inf   1.31201655e-08              inf              inf   0.00000000e+00
    80       1              inf              inf   1.39431026e-08              inf              inf   0.00000000e+00
    81       1              inf              inf   1.47657947e-08              inf              inf   0.00000000e+00
    82       1              inf              inf   1.55901103e-08              inf              inf   0.00000000e+00
    83       1              inf              inf   1.64522354e-08              inf              inf   0.00000000e+00
    84       1              inf              inf   1.73322640e-08              inf              inf   0.00000000e+00
    85       1              inf              inf   1.82102141e-08              inf              inf   0.00000000e+00
    86       1              inf              inf   1.91113707e-08              inf              inf   0.00000000e+00
    87       1              inf              inf   2.00391802e-08              inf              inf   0.00000000e+00
    88       1              inf              inf   2.09529516e-08              inf              inf   0.00000000e+00
    89       1              inf              inf   2.18967743e-08              inf              inf   0.00000000e+00
    90       1              inf              inf   2.28515355e-08              inf              inf   0.00000000e+00
    91       1              inf              inf   2.37987232e-08              inf              inf   0.00000000e+00
    92       1              inf              inf   2.47711431e-08              inf              inf   0.00000000e+00
    93       1              inf              inf   2.57574090e-08              inf              inf   0.00000000e+00
    94       1              inf              inf   2.67188094e-08              inf              inf   0.00000000e+00
    95       1              inf              inf   2.77142448e-08              inf              inf   0.00000000e+00
    96       1              inf              inf   2.87086811e-08              inf              inf   0.00000000e+00
    97       1              inf              inf   2.96943387e-08              inf              inf   0.00000000e+00
    98       1              inf              inf   3.06953274e-08              inf              inf   0.00000000e+00
    99       1              inf              inf   3.16830661e-08              inf              inf   0.00000000e+00
   100       1              inf              inf   3.26841214e-08              inf              inf   0.00000000e+00
   101       1              inf              inf   3.36713408e-08              inf              inf   0.00000000e+00
   102       1              inf              inf   3.46715072e-08              inf              inf   0.00000000e+00
   103       1              inf              inf   3.56414790e-08              inf              inf   0.00000000e+00
   104       1              inf              inf   3.66395301e-08              inf              inf   0.00000000e+00
   105       1              inf              inf   3.76059497e-08              inf              inf   0.00000000e+00
   106       1              inf              inf   3.85652767e-08              inf              inf   0.00000000e+00
   107       1              inf              inf   3.95366796e-08              inf              inf   0.00000000e+00
   108       1              inf              inf   4.04800697e-08              inf              inf   0.00000000e+00
   109       1              inf              inf   4.14130431e-08              inf              inf   0.00000000e+00
   110       1              inf              inf   4.23431008e-08              inf              inf   0.00000000e+00
   111       1              inf              inf   4.32568477e-08              inf              inf   0.00000000e+00
   112       1              inf              inf   4.41536204e-08              inf              inf   0.00000000e+00
   113       1              inf              inf   4.50390598e-08              inf              inf   0.00000000e+00
   114       1              inf              inf   4.59101291e-08              inf              inf   0.00000000e+00
   115       1              inf              inf   4.67503122e-08              inf              inf   0.00000000e+00
   116       1              inf              inf   4.76063895e-08              inf              inf   0.00000000e+00
   117       1              inf              inf   4.84000204e-08              inf              inf   0.00000000e+00
   118       1              inf              inf   4.92162219e-08              inf              inf   0.00000000e+00
   119       1              inf              inf   4.99754015e-08              inf              inf   0.00000000e+00
   120       1              inf              inf   5.07557561e-08              inf              inf   0.00000000e+00
   121       1              inf              inf   5.14769682e-08              inf              inf   0.00000000e+00
   122       1              inf              inf   5.22037697e-08              inf              inf   0.00000000e+00
   123       1              inf              inf   5.28849169e-08              inf              inf   0.00000000e+00
   124       1              inf              inf   5.35840891e-08              inf              inf   0.00000000e+00
   125       1              inf              inf   5.42102564e-08              inf              inf   0.00000000e+00
   126       1              inf              inf   5.48655247e-08              inf              inf   0.00000000e+00
   127       1              inf              inf   5.54572983e-08              inf              inf   0.00000000e+00
   128       1              inf              inf   5.60605270e-08              inf              inf   0.00000000e+00
   129       1              inf              inf   5.66132100e-08              inf              inf   0.00000000e+00
   130       1              inf              inf   5.71732642e-08              inf              inf   0.00000000e+00
   131       1              inf              inf   5.76923782e-08              inf              inf   0.00000000e+00
   132       1              inf              inf   5.82028020e-08              inf              inf   0.00000000e+00
   133       1              inf              inf   5.86915642e-08              inf              inf   0.00000000e+00
   134       1              inf              inf   5.91555336e-08              inf              inf   0.00000000e+00
   135       1              inf              inf   5.96032001e-08              inf              inf   0.00000000e+00
   136       1              inf              inf   6.00637803e-08              inf              inf   0.00000000e+00
   137       1              inf              inf   6.04568369e-08              inf              inf   0.00000000e+00
   138       1              inf              inf   6.08911641e-08              inf              inf   0.00000000e+00
   139       1              inf              inf   6.12895190e-08              inf              inf   0.00000000e+00
   140       1              inf              inf   6.17245822e-08              inf              inf   0.00000000e+00
   141       1              inf              inf   6.21178800e-08              inf              inf   0.00000000e+00
   142       1              inf              inf   6.25576855e-08              inf              inf   0.00000000e+00
   143       1              inf              inf   6.29590076e-08              inf              inf   0.00000000e+00
   144       1              inf              inf   6.33914875e-08              inf              inf   0.00000000e+00
   145       1              inf              inf   6.38281450e-08              inf              inf   0.00000000e+00
   146       1              inf              inf   6.42570353e-08              inf              inf   0.00000000e+00
   147       1              inf              inf   6.47053270e-08              inf              inf   0.00000000e+00
   148       1              inf              inf   6.51617985e-08              inf              inf   0.00000000e+00
   149       1              inf              inf   6.56348358e-08              inf              inf   0.00000000e+00
   150       1              inf              inf   6.61031937e-08              inf              inf   0.00000000e+00